// Jest Snapshot v1, https://goo.gl/fbAQLP

exports[`PokemonPage Component debe hacer match con el snapshot 1`] = `<h1> Espere por favor... </h1>`;

exports[`PokemonPage Component debe hacer match con el snapshot cuando cargan los pokemons 1`] = `
<div>
  <h1>¿Quién es este pokémon?</h1>
  <!-- Podemos escribir los atributos de esta forma (pokemon-id
    en lugar de pokemonId) y todo seguiría funcionando igual -->
  <pokemon-picture-stub pokemonid="5" showpokemon="false"></pokemon-picture-stub>
  <!-- Aquí recogemos el selection que hemos hecho en PokemonOptions, con el fin de ejecutar 'checkAnswer'
    No es necesario poner paréntesis en la llamada para recoger el parámetro, que está definido en 'checkAnswer' -->
  <pokemon-options-stub pokemons="[object Object],[object Object],[object Object],[object Object]"></pokemon-options-stub>
  <!-- Necesitamos agrupar h2 y button, pero no necesitamos el div. Si usamos la etiqueta template,
    esta cumplirá la función del div pero no se generará cuando se cree la estructura html -->
  <!--v-if-->
</div>
`;
