// Jest Snapshot v1, https://goo.gl/fbAQLP

exports[`PokemonOptions component debe hacer match con el snapshot 1`] = `
<div class="options-container">
  <ul>
    <!-- Cuando hacemos click queremos ejecutar un método que esta en PokemonPicture. 
      Se lo mandamos al componente deseado usando '$emit', con un nombre clave (en este caso 'selection'),
      que utilizaremos para invocar el evento en PokemonPicture. Sí sería un parámetro 'pokemon.id', el
      único en este caso, que recogeremos para utilizarlo como primer argumento  -->
    <li>pikachu</li>
    <li>charmander</li>
    <li>venusaur</li>
    <li>mew</li>
  </ul>
</div>
`;
